mode: set
github.com/guatom999/backend-challenge/test/setup.go:5.37,8.2 2 1
